UADK_1.0 {
global:
	wd_request_queue;
	wd_release_queue;
	wd_send;
	wd_recv;
	wd_wait;
	wd_recv_sync;
	wd_reserve_memory;
	wd_share_reserved_memory;
	wd_get_available_dev_num;
	wd_get_node_id;
	wd_iova_map;
	wd_iova_unmap;
	wd_dma_to_va;
	wd_register_log;
	log_out;

	wd_blkpool_create;
	wd_blkpool_destroy;
	wd_alloc_blk;
	wd_free_blk;
	wd_get_free_blk_num;
	wd_blk_alloc_failures;
	wd_blk_iova_map;
	wd_blk_iova_unmap;
	wd_blksize;

	wcrypto_create_aead_ctx;
	wcrypto_set_aead_ckey;
	wcrypto_set_aead_akey;
	wcrypto_aead_setauthsize;
	wcrypto_aead_getauthsize;
	wcrypto_aead_get_maxauthsize;
	wcrypto_do_aead;
	wcrypto_burst_aead;
	wcrypto_aead_poll;
	wcrypto_del_aead_ctx;

	wcrypto_create_cipher_ctx;
	wcrypto_set_cipher_key;
	wcrypto_do_cipher;
	wcrypto_cipher_poll;
	wcrypto_del_cipher_ctx;
	wcrypto_burst_cipher;

	wcrypto_create_digest_ctx;
	wcrypto_set_digest_key;
	wcrypto_do_digest;
	wcrypto_digest_poll;
	wcrypto_del_digest_ctx;
	wcrypto_burst_digest;

	wcrypto_create_comp_ctx;
	wcrypto_do_comp;
	wcrypto_comp_poll;
	wcrypto_del_comp_ctx;

	wcrypto_create_dh_ctx;
	wcrypto_dh_is_g2;
	wcrypto_dh_key_bits;
	wcrypto_do_dh;
	wcrypto_dh_poll;
	wcrypto_del_dh_ctx;
	wcrypto_set_dh_g;
	wcrypto_get_dh_g;

	wcrypto_get_ecc_key_bits;
	wcrypto_create_ecc_ctx;
	wcrypto_del_ecc_ctx;
	wcrypto_get_ecc_key;
	wcrypto_set_ecc_prikey;
	wcrypto_get_ecc_prikey;
	wcrypto_set_ecc_pubkey;
	wcrypto_get_ecc_pubkey;
	wcrypto_del_ecc_in;
	wcrypto_del_ecc_out;
	wcrypto_get_ecc_prikey_params;
	wcrypto_get_ecc_pubkey_params;
	wcrypto_get_ecxdh_in_params;
	wcrypto_get_ecxdh_out_params;
	wcrypto_new_ecxdh_in;
	wcrypto_new_ecxdh_out;
	wcrypto_do_ecxdh;
	wcrypto_ecxdh_poll;
	wcrypto_new_ecdsa_sign_in;
	wcrypto_new_ecdsa_verf_in;
	wcrypto_new_ecdsa_sign_out;
	wcrypto_get_ecdsa_sign_in_params;
	wcrypto_get_ecdsa_verf_in_params;
	wcrypto_get_ecdsa_sign_out_params;
	wcrypto_do_ecdsa;
	wcrypto_ecdsa_poll;

	wcrypto_new_sm2_sign_in;
	wcrypto_new_sm2_verf_in;
	wcrypto_new_sm2_sign_out;
	wcrypto_get_sm2_sign_out_params;
	wcrypto_new_sm2_enc_in;
	wcrypto_new_sm2_dec_in;
	wcrypto_new_sm2_enc_out;
	wcrypto_new_sm2_dec_out;
	wcrypto_new_sm2_kg_out;
	wcrypto_get_sm2_kg_out_params;
	wcrypto_get_sm2_enc_out_params;
	wcrypto_get_sm2_dec_out_params;
	wcrypto_do_sm2;
	wcrypto_sm2_poll;

	wcrypto_rsa_is_crt;
	wcrypto_rsa_key_bits;
	wcrypto_create_rsa_ctx;
	wcrypto_get_rsa_pubkey;
	wcrypto_get_rsa_prikey;
	wcrypto_set_rsa_pubkey_params;
	wcrypto_get_rsa_pubkey_params;
	wcrypto_set_rsa_prikey_params;
	wcrypto_get_rsa_prikey_params;
	wcrypto_set_rsa_crt_prikey_params;
	wcrypto_get_rsa_crt_prikey_params;
	wcrypto_new_kg_in;
	wcrypto_del_kg_in;
	wcrypto_get_rsa_kg_in_params;
	wcrypto_new_kg_out;
	wcrypto_del_kg_out;
	wcrypto_get_rsa_kg_out_params;
	wcrypto_get_rsa_kg_out_crt_params;
	wcrypto_rsa_kg_in_data;
	wcrypto_rsa_kg_out_data;
	wcrypto_set_rsa_kg_out_crt_psz;
	wcrypto_set_rsa_kg_out_psz;
	wcrypto_do_rsa;
	wcrypto_rsa_poll;
	wcrypto_del_rsa_ctx;

	wcrypto_create_rng_ctx;
	wcrypto_del_rng_ctx;
	wcrypto_do_rng;
	wcrypto_rng_poll;

	wd_sglpool_create;
	wd_sglpool_destroy;
	wd_alloc_sgl;
	wd_free_sgl;
	wd_sgl_merge;
	wd_sgl_cp_to_pbuf;
	wd_sgl_cp_from_pbuf;
	wd_sgl_iova_map;
	wd_sgl_iova_unmap;
	wd_get_last_sge_buf;
	wd_get_first_sge_buf;
	wd_get_sgl_sge_num;
	wd_get_sgl_buf_num;
	wd_get_sge_buf;
	wd_get_sgl_buf_sum;
	wd_get_sgl_mem_size;
	wd_get_free_sgl_num;
	wd_get_free_sgl_sge_num;
	wd_get_free_buf_num;
	wd_get_sgl_datalen;
	wd_get_sge_datalen;
	wd_get_sgl_bufsize;

local: *;
};
