UADK_2.0 {
global:
	wd_request_ctx;
	wd_release_ctx;
	wd_ctx_get_api;
	wd_ctx_wait;
	wd_is_sva;
	wd_is_isolate;
	wd_get_accel_name;
	wd_get_numa_id;
	wd_get_avail_ctx;
	wd_get_accel_list;
	wd_get_accel_dev;
	wd_free_list_accels;

	wd_release_ctx_force;
	wd_ctx_set_priv;
	wd_ctx_get_priv;
	wd_ctx_start;
	wd_ctx_mmap_qfr;
	wd_ctx_unmap_qfr;
	wd_ctx_set_io_cmd;
	wd_ctx_get_region_size;
	wd_ctx_get_dev_name;

	wd_block_alloc;
	wd_block_free;
	wd_blockpool_create;
	wd_blockpool_destroy;
	wd_mempool_create;
	wd_mempool_destroy;
	wd_mempool_stats;
	wd_blockpool_stats;
	wd_get_version;
	wd_need_debug;
	wd_need_info;

	wd_create_device_nodemask;
	wd_free_device_nodemask;
	wd_clone_dev;
	wd_add_dev_to_list;
	wd_find_dev_by_numa;

	wd_alg_driver_register;
	wd_alg_driver_unregister;
	wd_request_drv;
	wd_release_drv;
	wd_find_drv;
	wd_drv_alg_support;
	wd_enable_drv;
	wd_disable_drv;
	wd_get_alg_head;

	uadk_adapter_alloc;
	uadk_adapter_free;
	uadk_adapter_set_mode;
	uadk_adapter_attach_worker;
	uadk_adapter_parse;
local: *;
};
