UADK_CRYPTO_2.0 {
global:
	wd_cipher_init;
	wd_cipher_uninit;
	wd_cipher_alloc_sess;
	wd_cipher_free_sess;
	wd_cipher_set_key;
	wd_do_cipher_sync;
	wd_do_cipher_async;
	wd_cipher_poll_ctx;
	wd_cipher_poll;
	wd_cipher_env_init;
	wd_cipher_env_uninit;
	wd_cipher_ctx_num_init;
	wd_cipher_ctx_num_uninit;
	wd_cipher_get_env_param;
	wd_cipher_set_driver;
	wd_cipher_get_driver;
	wd_cipher_close_driver;
	wd_cipher_open_driver;
	wd_cipher_get_msg;
	set_cipher_driver;

	wd_aead_init;
	wd_aead_uninit;
	wd_aead_alloc_sess;
	wd_aead_free_sess;
	wd_aead_set_ckey;
	wd_aead_set_akey;
	wd_do_aead_sync;
	wd_do_aead_async;
	wd_aead_set_authsize;
	wd_aead_get_authsize;
	wd_aead_get_maxauthsize;
	wd_aead_poll_ctx;
	wd_aead_poll;
	wd_aead_env_init;
	wd_aead_env_uninit;
	wd_aead_ctx_num_init;
	wd_aead_ctx_num_uninit;
	wd_aead_get_env_param;
	wd_aead_set_driver;
	wd_aead_get_driver;
	wd_aead_open_driver;
	wd_aead_close_driver;
	wd_aead_get_msg;
	set_aead_driver;

	wd_digest_init;
	wd_digest_uninit;
	wd_digest_alloc_sess;
	wd_digest_free_sess;
	wd_do_digest_sync;
	wd_do_digest_async;
	wd_digest_set_key;
	wd_digest_poll_ctx;
	wd_digest_poll;
	wd_digest_env_init;
	wd_digest_env_uninit;
	wd_digest_ctx_num_init;
	wd_digest_ctx_num_uninit;
	wd_digest_get_env_param;
	wd_digest_set_driver;
	wd_digest_get_driver;
	wd_digest_open_driver;
	wd_digest_close_driver;
	wd_digest_get_msg;
	set_digest_driver;

	wd_rsa_is_crt;
	wd_rsa_get_key_bits;
	wd_rsa_get_pubkey;
	wd_rsa_get_prikey;
	wd_rsa_set_pubkey_params;
	wd_rsa_get_pubkey_params;
	wd_rsa_set_prikey_params;
	wd_rsa_get_prikey_params;
	wd_rsa_set_crt_prikey_params;
	wd_rsa_get_crt_prikey_params;
	wd_rsa_new_kg_in;
	wd_rsa_del_kg_in;
	wd_rsa_get_kg_in_params;
	wd_rsa_new_kg_out;
	wd_rsa_del_kg_out;
	wd_rsa_get_kg_out_params;
	wd_rsa_get_kg_out_crt_params;
	wd_rsa_kg_in_data;
	wd_rsa_kg_out_data;
	wd_rsa_set_kg_out_crt_psz;
	wd_rsa_set_kg_out_psz;
	wd_rsa_init;
	wd_rsa_uninit;
	wd_rsa_alloc_sess;
	wd_rsa_free_sess;
	wd_do_rsa_async;
	wd_rsa_poll;
	wd_do_rsa_sync;
	wd_do_rsa_async;
	wd_rsa_poll_ctx;
	wd_rsa_env_init;
	wd_rsa_env_uninit;
	wd_rsa_ctx_num_init;
	wd_rsa_ctx_num_uninit;
	wd_rsa_get_env_param;
	wd_rsa_set_driver;
	wd_rsa_get_driver;
	wd_rsa_get_msg;

	wd_dh_get_mode;
	wd_dh_key_bits;
	wd_dh_set_g;
	wd_dh_get_g;
	wd_dh_alloc_sess;
	wd_dh_free_sess;
	wd_do_dh_async;
	wd_do_dh_sync;
	wd_dh_poll_ctx;
	wd_dh_poll;
	wd_dh_init;
	wd_dh_uninit;
	wd_dh_env_init;
	wd_dh_env_uninit;
	wd_dh_ctx_num_init;
	wd_dh_ctx_num_uninit;
	wd_dh_get_env_param;
	wd_dh_set_driver;
	wd_dh_get_driver;
	wd_dh_get_msg;

	wd_ecc_get_key_bits;
	wd_ecc_get_key;
	wd_ecc_set_prikey;
	wd_ecc_get_prikey;
	wd_ecc_set_pubkey;
	wd_ecc_get_pubkey;
	wd_ecc_del_in;
	wd_ecc_del_out;
	wd_ecc_get_prikey_params;
	wd_ecc_get_pubkey_params;
	wd_ecxdh_new_in;
	wd_ecxdh_new_out;
	wd_ecxdh_get_out_params;
	wd_ecc_set_driver;
	wd_ecc_get_driver;
	wd_ecc_get_msg;

	wd_sm2_new_sign_in;
	wd_sm2_new_verf_in;
	wd_sm2_new_enc_in;
	wd_sm2_new_dec_in;
	wd_sm2_new_sign_out;
	wd_sm2_new_enc_out;
	wd_sm2_new_dec_out;
	wd_sm2_new_kg_out;
	wd_sm2_get_sign_out_params;
	wd_sm2_get_kg_out_params;
	wd_sm2_get_enc_out_params;
	wd_sm2_get_dec_out_params;

	wd_ecdsa_new_sign_in;
	wd_ecdsa_new_verf_in;
	wd_ecdsa_new_sign_out;
	wd_ecdsa_get_sign_out_params;
	wd_ecc_init;
	wd_ecc_uninit;
	wd_ecc_alloc_sess;
	wd_ecc_free_sess;
	wd_ecc_poll;
	wd_do_ecc_sync;
	wd_do_ecc_async;
	wd_ecc_poll_ctx;
	wd_ecc_env_init;
	wd_ecc_env_uninit;
	wd_ecc_ctx_num_init;
	wd_ecc_ctx_num_uninit;
	wd_ecc_get_env_param;

	wd_sched_rr_instance;
	wd_sched_rr_alloc;
	wd_sched_rr_release;
local: *;
};
